// Vitest Snapshot v1, https://vitest.dev/guide/snapshot.html

exports[`GameService round trip > reads a fully populated note 1`] = `
{
  "communityRating": 93.4,
  "communityRatingProvider": "IGDB",
  "communityVotes": 1200,
  "count": 2,
  "dateCompleted": 1605398400000,
  "description": "Escape the underworld.",
  "developer": "Supergiant Games",
  "displayName": "Hades",
  "dlc": [
    {
      "id": "1",
      "imageUrl": "https://cdn.example/ost.jpg",
      "owned": true,
      "provider": "steam",
      "title": "Soundtrack",
      "url": null,
      "userRating": 6,
    },
  ],
  "favorite": true,
  "filePath": "Library/Hades.md",
  "finished": "2020-11-15",
  "genres": [
    "roguelike",
    "action",
  ],
  "hasCustomPoster": false,
  "horizontalImageUrl": "https://cdn.example/hades-wide.jpg",
  "imageUrl": "https://cdn.example/hades.jpg",
  "integrationId": "113112",
  "integrationProvider": "igdb",
  "myPlatform": "steam",
  "nameLower": "hades",
  "owned": "digital",
  "platforms": [
    "PC",
    "Switch",
  ],
  "poster": "https://cdn.example/hades.jpg",
  "publisher": "Supergiant Games",
  "rawFields": {
    "author": [
      "Supergiant Games",
    ],
    "community-rating": 93.4,
    "community-rating-provider": "IGDB",
    "community-votes": 1200,
    "count": 2,
    "favorite": true,
    "finished": "2020-11-15",
    "genres": [
      "Roguelike",
      "Action",
    ],
    "integration-id": "113112",
    "integration-provider": "igdb",
    "my-platform": "steam",
    "owned": "digital",
    "platforms": [
      "PC",
      "Switch",
    ],
    "poster": "https://cdn.example/hades.jpg",
    "poster-b": "https://cdn.example/hades-wide.jpg",
    "publishers": [
      "Supergiant Games",
    ],
    "released": "2020-09-17",
    "repeatable": true,
    "series": "Hades",
    "started": "2020-10-01",
    "status": "completed",
    "steam-app-id": "1145360",
    "synopsis": "Escape the underworld.",
    "tags": [
      "favorite-genre",
    ],
    "title": "Hades",
    "type": "game",
    "url": "https://www.igdb.com/games/hades",
    "user-rating": 7,
    "year": 2020,
  },
  "relatedMedia": [
    {
      "path": "Library/Dune.md",
      "title": "Dune",
      "type": "book",
    },
  ],
  "releaseDate": "2020-09-17",
  "repeatable": true,
  "series": "Hades",
  "sourceUrl": "https://www.igdb.com/games/hades",
  "started": "2020-10-01",
  "status": "completed",
  "steamAppId": "1145360",
  "tags": [
    "favorite-genre",
  ],
  "type": "game",
  "userRating": 7,
  "year": 2020,
}
`;

exports[`GameService round trip > writes every editable field, clearing legacy spellings 1`] = `
{
  "author": [
    "Supergiant Games",
    "Supergiant",
  ],
  "community-rating": 91,
  "community-rating-provider": "IGDB",
  "community-votes": 400,
  "count": 3,
  "dlc": [
    {
      "id": "1",
      "image": "https://cdn.example/ost.jpg",
      "owned": true,
      "provider": "steam",
      "title": "Soundtrack",
      "url": null,
      "user-rating": 6,
    },
  ],
  "favorite": false,
  "finished": "2025-10-30",
  "genres": [
    "roguelike",
    "action",
    "mythology",
  ],
  "integration-id": "264466",
  "integration-provider": "igdb",
  "my-platform": "switch",
  "owned": "physical",
  "platforms": [
    "PC",
    "Switch",
    "PS5",
  ],
  "poster": "https://cdn.example/hades.jpg",
  "poster-b": "https://cdn.example/hades-wide.jpg",
  "publishers": [
    "Supergiant Games",
    "Supergiant",
  ],
  "released": "2025-09-25",
  "repeatable": false,
  "series": "Hades",
  "started": "2025-09-26",
  "status": "playing",
  "steam-app-id": "1145350",
  "synopsis": "Beyond the underworld.",
  "tags": [
    "replay",
  ],
  "title": "Hades II",
  "type": "game",
  "url": "https://www.igdb.com/games/hades-ii",
  "user-rating": 6,
  "year": 2025,
}
`;
