// Vitest Snapshot v1, https://vitest.dev/guide/snapshot.html

exports[`ReadingService round trip > reads a fully populated book note 1`] = `
{
  "audiobook": true,
  "authors": [
    "Frank Herbert",
  ],
  "chapterCurrent": 10,
  "chapterTotal": 48,
  "communityRating": 91.3,
  "communityRatingProvider": "Hardcover",
  "communityVotes": 4100,
  "count": 2,
  "dateAdded": 1700000000000,
  "description": "Spice and sandworms.",
  "displayName": "Dune",
  "favorite": true,
  "filePath": "Library/Dune.md",
  "finished": "2024-02-03",
  "genres": [
    "science-fiction",
  ],
  "hasCustomPoster": true,
  "horizontalImageUrl": "https://apple.example/dune.jpg",
  "illustrator": "John Schoenherr",
  "imageUrl": "https://apple.example/dune.jpg",
  "integrationId": "4242",
  "integrationProvider": "hardcover",
  "lastModified": 1700000000000,
  "nameLower": "dune",
  "owned": "physical",
  "pageCurrent": 120,
  "pageTotal": 412,
  "poster": "https://cdn.example/dune.jpg",
  "publisher": "Chilton Books",
  "rawFields": {
    "audiobook": true,
    "author": [
      "Frank Herbert",
    ],
    "chapter-current": 10,
    "chapter-total": 48,
    "cm_poster": "https://apple.example/dune.jpg",
    "community-rating": 91.3,
    "community-rating-provider": "Hardcover",
    "community-votes": 4100,
    "count": 2,
    "favorite": true,
    "finished": "2024-02-03",
    "genres": [
      "Science Fiction",
    ],
    "illustrator": "John Schoenherr",
    "integration-id": "4242",
    "integration-provider": "hardcover",
    "owned": "physical",
    "page-current": 120,
    "page-total": 412,
    "poster": "https://cdn.example/dune.jpg",
    "poster-b": "https://cdn.example/dune-wide.jpg",
    "publisher": "Chilton Books",
    "released": "1965-08-01",
    "repeatable": true,
    "series": "Dune",
    "series-position": 1,
    "started": "2024-01-02",
    "status": "watching",
    "synopsis": "Spice and sandworms.",
    "tags": [
      "classic",
    ],
    "title": "Dune",
    "type": "book",
    "url": "https://hardcover.app/books/dune",
    "user-rating": 7,
    "year": 1965,
  },
  "relatedMedia": [
    {
      "path": "Library/Dune Movie.md",
      "title": "Dune",
      "type": "movie",
    },
  ],
  "releaseDate": "1965-08-01",
  "repeatable": true,
  "series": "Dune",
  "seriesPosition": 1,
  "sourceUrl": "https://hardcover.app/books/dune",
  "started": "2024-01-02",
  "status": "watching",
  "summary": "Spice and sandworms.",
  "tags": [
    "classic",
  ],
  "type": "book",
  "userRating": 7,
  "year": 1965,
}
`;

exports[`ReadingService round trip > reads a manga note 1`] = `
{
  "activePartId": "main",
  "artists": [
    "Kentaro Miura",
  ],
  "authors": [
    "Kentaro Miura",
  ],
  "chapterCurrent": 10,
  "chapterTotal": 374,
  "communityRating": null,
  "communityRatingProvider": null,
  "communityVotes": null,
  "count": null,
  "dateAdded": 1700000000000,
  "description": "Guts.",
  "displayName": "Berserk",
  "favorite": false,
  "filePath": "Library/Dune.md",
  "finished": null,
  "genres": [
    "dark-fantasy",
  ],
  "hasCustomPoster": true,
  "horizontalImageUrl": "https://cdn.example/berserk.jpg",
  "imageUrl": "https://cdn.example/berserk.jpg",
  "integrationId": "1",
  "integrationProvider": "mangaupdates",
  "lastModified": 1700000000000,
  "nameLower": "berserk",
  "owned": null,
  "parts": [
    {
      "chapterCurrent": 10,
      "chapterTotal": 374,
      "id": "main",
      "kind": "volume",
      "status": "watching",
      "title": "Volume 1",
      "volumeNumber": 1,
    },
  ],
  "poster": "https://cdn.example/berserk.jpg",
  "rawFields": {
    "artists": [
      "Kentaro Miura",
    ],
    "authors": [
      "Kentaro Miura",
    ],
    "chapter_current": 10,
    "chapter_total": 374,
    "genres": [
      "Dark Fantasy",
    ],
    "integration-id": "1",
    "integration-provider": "mangaupdates",
    "poster": "https://cdn.example/berserk.jpg",
    "status": "watching",
    "synopsis": "Guts.",
    "title": "Berserk",
    "type": "manga",
    "user-rating": 7,
    "volume_current": 1,
    "volume_total": 41,
  },
  "relatedMedia": [],
  "repeatable": false,
  "sourceUrl": null,
  "started": null,
  "status": "watching",
  "summary": "Guts.",
  "tags": [],
  "type": "manga",
  "userRating": 7,
  "volumeCurrent": 1,
  "volumeTotal": 41,
  "year": null,
}
`;

exports[`ReadingService round trip > writes every editable book field, clearing legacy spellings 1`] = `
{
  "audiobook": false,
  "author": [
    "Frank Herbert",
  ],
  "chapter-current": 5,
  "chapter-total": 20,
  "cm_poster": "https://apple.example/dune.jpg",
  "community-rating": 88,
  "community-rating-provider": "Hardcover",
  "community-votes": 2000,
  "count": 3,
  "favorite": false,
  "finished": "2024-03-20",
  "genres": [
    "science fiction",
    "politics",
  ],
  "illustrator": "Bruce Pennington",
  "integration-id": "4343",
  "integration-provider": "hardcover",
  "owned": "digital",
  "page-current": 100,
  "page-total": 256,
  "poster": "https://cdn.example/dune.jpg",
  "poster-b": "https://cdn.example/messiah-wide.jpg",
  "publisher": "Putnam",
  "released": "1969-10-15",
  "repeatable": false,
  "series": "Dune",
  "series-position": 2,
  "started": "2024-03-01",
  "status": "paused",
  "synopsis": "The fall of Paul.",
  "tags": [
    "classic",
    "reread",
  ],
  "title": "Dune Messiah",
  "type": "book",
  "url": "https://hardcover.app/books/dune-messiah",
  "user-rating": 6,
  "year": 1965,
}
`;

exports[`ReadingService round trip > writes manga fields as before 1`] = `
{
  "active_part_id": "main",
  "artists": [
    "Kentaro Miura",
  ],
  "authors": [
    "Kentaro Miura",
    "Kouji Mori",
  ],
  "chapter_current": 20,
  "chapter_total": 374,
  "favorite": true,
  "genres": [
    "Dark Fantasy",
  ],
  "integration-id": "1",
  "integration-provider": "mangaupdates",
  "manga_parts": [
    {
      "chapter_current": 20,
      "chapter_total": 374,
      "id": "main",
      "kind": "volume",
      "status": "watching",
      "title": "Volume 1",
      "volume": 1,
    },
  ],
  "poster": "https://cdn.example/berserk.jpg",
  "status": "watching",
  "synopsis": "Guts, bigger.",
  "title": "Berserk Deluxe",
  "type": "manga",
  "user-rating": 6,
  "volume_current": 1,
  "volume_total": 42,
}
`;
